Archive member included to satisfy reference by file (symbol)

C:\Users\Piotr\Dysk Google\V50\V50_MOD\SPI\Debug\libSPI.a(SPI.o)
                              main.o (SPI_InitSlave)
C:\Users\Piotr\Dysk Google\V50\V50_MOD\Uart\Debug\libUart.a(USART.o)
                              main.o (USART_Init)
d:/program files (x86)/atmel/studio/7.0/toolchain/avr8/avr8-gnu-toolchain/bin/../lib/gcc/avr/4.9.2/avr5\libgcc.a(_exit.o)
                              D:/Program Files (x86)/Atmel/Studio/7.0/Packs/atmel/ATmega_DFP/1.0.106/gcc/dev/atmega328p/avr5/crtatmega328p.o (exit)
d:/program files (x86)/atmel/studio/7.0/toolchain/avr8/avr8-gnu-toolchain/bin/../lib/gcc/avr/4.9.2/avr5\libgcc.a(_copy_data.o)
                              main.o (__do_copy_data)
d:/program files (x86)/atmel/studio/7.0/toolchain/avr8/avr8-gnu-toolchain/bin/../lib/gcc/avr/4.9.2/avr5\libgcc.a(_clear_bss.o)
                              main.o (__do_clear_bss)

Allocating common symbols
Common symbol       size              file

UART_buffer         0x10              main.o
UART_buffer_position
                    0x1               main.o
UART_value          0x1               main.o

Discarded input sections

 .text          0x00000000        0x4 D:/Program Files (x86)/Atmel/Studio/7.0/Packs/atmel/ATmega_DFP/1.0.106/gcc/dev/atmega328p/avr5/crtatmega328p.o
 .data          0x00000000        0x0 D:/Program Files (x86)/Atmel/Studio/7.0/Packs/atmel/ATmega_DFP/1.0.106/gcc/dev/atmega328p/avr5/crtatmega328p.o
 .bss           0x00000000        0x0 D:/Program Files (x86)/Atmel/Studio/7.0/Packs/atmel/ATmega_DFP/1.0.106/gcc/dev/atmega328p/avr5/crtatmega328p.o
 .text          0x00000000        0x0 Commands.o
 .data          0x00000000        0x0 Commands.o
 .bss           0x00000000        0x0 Commands.o
 .debug_line    0x00000000        0x0 Commands.o
 .debug_str     0x00000000       0xef Commands.o
 .comment       0x00000000       0x31 Commands.o
 .text          0x00000000        0x0 main.o
 .data          0x00000000        0x0 main.o
 .bss           0x00000000        0x0 main.o
 .text.__vector_default
                0x00000000       0x4a main.o
 COMMON         0x00000000       0x12 main.o
 .text          0x00000000        0x0 C:\Users\Piotr\Dysk Google\V50\V50_MOD\SPI\Debug\libSPI.a(SPI.o)
 .data          0x00000000        0x0 C:\Users\Piotr\Dysk Google\V50\V50_MOD\SPI\Debug\libSPI.a(SPI.o)
 .bss           0x00000000        0x0 C:\Users\Piotr\Dysk Google\V50\V50_MOD\SPI\Debug\libSPI.a(SPI.o)
 .text.SPI_InitMaster
                0x00000000       0x10 C:\Users\Piotr\Dysk Google\V50\V50_MOD\SPI\Debug\libSPI.a(SPI.o)
 .text.SendByte
                0x00000000        0xc C:\Users\Piotr\Dysk Google\V50\V50_MOD\SPI\Debug\libSPI.a(SPI.o)
 .text.ReadByte
                0x00000000        0x4 C:\Users\Piotr\Dysk Google\V50\V50_MOD\SPI\Debug\libSPI.a(SPI.o)
 .text          0x00000000        0x0 C:\Users\Piotr\Dysk Google\V50\V50_MOD\Uart\Debug\libUart.a(USART.o)
 .data          0x00000000        0x0 C:\Users\Piotr\Dysk Google\V50\V50_MOD\Uart\Debug\libUart.a(USART.o)
 .bss           0x00000000        0x0 C:\Users\Piotr\Dysk Google\V50\V50_MOD\Uart\Debug\libUart.a(USART.o)
 .text.USART_ReceiveByte
                0x00000000        0x4 C:\Users\Piotr\Dysk Google\V50\V50_MOD\Uart\Debug\libUart.a(USART.o)
 .text.USART_clearFrame
                0x00000000       0x30 C:\Users\Piotr\Dysk Google\V50\V50_MOD\Uart\Debug\libUart.a(USART.o)
 .text          0x00000000        0x0 d:/program files (x86)/atmel/studio/7.0/toolchain/avr8/avr8-gnu-toolchain/bin/../lib/gcc/avr/4.9.2/avr5\libgcc.a(_exit.o)
 .data          0x00000000        0x0 d:/program files (x86)/atmel/studio/7.0/toolchain/avr8/avr8-gnu-toolchain/bin/../lib/gcc/avr/4.9.2/avr5\libgcc.a(_exit.o)
 .bss           0x00000000        0x0 d:/program files (x86)/atmel/studio/7.0/toolchain/avr8/avr8-gnu-toolchain/bin/../lib/gcc/avr/4.9.2/avr5\libgcc.a(_exit.o)
 .text.libgcc.mul
                0x00000000        0x0 d:/program files (x86)/atmel/studio/7.0/toolchain/avr8/avr8-gnu-toolchain/bin/../lib/gcc/avr/4.9.2/avr5\libgcc.a(_exit.o)
 .text.libgcc.div
                0x00000000        0x0 d:/program files (x86)/atmel/studio/7.0/toolchain/avr8/avr8-gnu-toolchain/bin/../lib/gcc/avr/4.9.2/avr5\libgcc.a(_exit.o)
 .text.libgcc   0x00000000        0x0 d:/program files (x86)/atmel/studio/7.0/toolchain/avr8/avr8-gnu-toolchain/bin/../lib/gcc/avr/4.9.2/avr5\libgcc.a(_exit.o)
 .text.libgcc.prologue
                0x00000000        0x0 d:/program files (x86)/atmel/studio/7.0/toolchain/avr8/avr8-gnu-toolchain/bin/../lib/gcc/avr/4.9.2/avr5\libgcc.a(_exit.o)
 .text.libgcc.builtins
                0x00000000        0x0 d:/program files (x86)/atmel/studio/7.0/toolchain/avr8/avr8-gnu-toolchain/bin/../lib/gcc/avr/4.9.2/avr5\libgcc.a(_exit.o)
 .text.libgcc.fmul
                0x00000000        0x0 d:/program files (x86)/atmel/studio/7.0/toolchain/avr8/avr8-gnu-toolchain/bin/../lib/gcc/avr/4.9.2/avr5\libgcc.a(_exit.o)
 .text.libgcc.fixed
                0x00000000        0x0 d:/program files (x86)/atmel/studio/7.0/toolchain/avr8/avr8-gnu-toolchain/bin/../lib/gcc/avr/4.9.2/avr5\libgcc.a(_exit.o)
 .text          0x00000000        0x0 d:/program files (x86)/atmel/studio/7.0/toolchain/avr8/avr8-gnu-toolchain/bin/../lib/gcc/avr/4.9.2/avr5\libgcc.a(_copy_data.o)
 .data          0x00000000        0x0 d:/program files (x86)/atmel/studio/7.0/toolchain/avr8/avr8-gnu-toolchain/bin/../lib/gcc/avr/4.9.2/avr5\libgcc.a(_copy_data.o)
 .bss           0x00000000        0x0 d:/program files (x86)/atmel/studio/7.0/toolchain/avr8/avr8-gnu-toolchain/bin/../lib/gcc/avr/4.9.2/avr5\libgcc.a(_copy_data.o)
 .text.libgcc.mul
                0x00000000        0x0 d:/program files (x86)/atmel/studio/7.0/toolchain/avr8/avr8-gnu-toolchain/bin/../lib/gcc/avr/4.9.2/avr5\libgcc.a(_copy_data.o)
 .text.libgcc.div
                0x00000000        0x0 d:/program files (x86)/atmel/studio/7.0/toolchain/avr8/avr8-gnu-toolchain/bin/../lib/gcc/avr/4.9.2/avr5\libgcc.a(_copy_data.o)
 .text.libgcc   0x00000000        0x0 d:/program files (x86)/atmel/studio/7.0/toolchain/avr8/avr8-gnu-toolchain/bin/../lib/gcc/avr/4.9.2/avr5\libgcc.a(_copy_data.o)
 .text.libgcc.prologue
                0x00000000        0x0 d:/program files (x86)/atmel/studio/7.0/toolchain/avr8/avr8-gnu-toolchain/bin/../lib/gcc/avr/4.9.2/avr5\libgcc.a(_copy_data.o)
 .text.libgcc.builtins
                0x00000000        0x0 d:/program files (x86)/atmel/studio/7.0/toolchain/avr8/avr8-gnu-toolchain/bin/../lib/gcc/avr/4.9.2/avr5\libgcc.a(_copy_data.o)
 .text.libgcc.fmul
                0x00000000        0x0 d:/program files (x86)/atmel/studio/7.0/toolchain/avr8/avr8-gnu-toolchain/bin/../lib/gcc/avr/4.9.2/avr5\libgcc.a(_copy_data.o)
 .text.libgcc.fixed
                0x00000000        0x0 d:/program files (x86)/atmel/studio/7.0/toolchain/avr8/avr8-gnu-toolchain/bin/../lib/gcc/avr/4.9.2/avr5\libgcc.a(_copy_data.o)
 .text          0x00000000        0x0 d:/program files (x86)/atmel/studio/7.0/toolchain/avr8/avr8-gnu-toolchain/bin/../lib/gcc/avr/4.9.2/avr5\libgcc.a(_clear_bss.o)
 .data          0x00000000        0x0 d:/program files (x86)/atmel/studio/7.0/toolchain/avr8/avr8-gnu-toolchain/bin/../lib/gcc/avr/4.9.2/avr5\libgcc.a(_clear_bss.o)
 .bss           0x00000000        0x0 d:/program files (x86)/atmel/studio/7.0/toolchain/avr8/avr8-gnu-toolchain/bin/../lib/gcc/avr/4.9.2/avr5\libgcc.a(_clear_bss.o)
 .text.libgcc.mul
                0x00000000        0x0 d:/program files (x86)/atmel/studio/7.0/toolchain/avr8/avr8-gnu-toolchain/bin/../lib/gcc/avr/4.9.2/avr5\libgcc.a(_clear_bss.o)
 .text.libgcc.div
                0x00000000        0x0 d:/program files (x86)/atmel/studio/7.0/toolchain/avr8/avr8-gnu-toolchain/bin/../lib/gcc/avr/4.9.2/avr5\libgcc.a(_clear_bss.o)
 .text.libgcc   0x00000000        0x0 d:/program files (x86)/atmel/studio/7.0/toolchain/avr8/avr8-gnu-toolchain/bin/../lib/gcc/avr/4.9.2/avr5\libgcc.a(_clear_bss.o)
 .text.libgcc.prologue
                0x00000000        0x0 d:/program files (x86)/atmel/studio/7.0/toolchain/avr8/avr8-gnu-toolchain/bin/../lib/gcc/avr/4.9.2/avr5\libgcc.a(_clear_bss.o)
 .text.libgcc.builtins
                0x00000000        0x0 d:/program files (x86)/atmel/studio/7.0/toolchain/avr8/avr8-gnu-toolchain/bin/../lib/gcc/avr/4.9.2/avr5\libgcc.a(_clear_bss.o)
 .text.libgcc.fmul
                0x00000000        0x0 d:/program files (x86)/atmel/studio/7.0/toolchain/avr8/avr8-gnu-toolchain/bin/../lib/gcc/avr/4.9.2/avr5\libgcc.a(_clear_bss.o)
 .text.libgcc.fixed
                0x00000000        0x0 d:/program files (x86)/atmel/studio/7.0/toolchain/avr8/avr8-gnu-toolchain/bin/../lib/gcc/avr/4.9.2/avr5\libgcc.a(_clear_bss.o)

Memory Configuration

Name             Origin             Length             Attributes
text             0x00000000         0x00020000         xr
data             0x00800060         0x0000ffa0         rw !x
eeprom           0x00810000         0x00010000         rw !x
fuse             0x00820000         0x00000400         rw !x
lock             0x00830000         0x00000400         rw !x
signature        0x00840000         0x00000400         rw !x
user_signatures  0x00850000         0x00000400         rw !x
*default*        0x00000000         0xffffffff

Linker script and memory map

Address of section .data set to 0x800100
LOAD D:/Program Files (x86)/Atmel/Studio/7.0/Packs/atmel/ATmega_DFP/1.0.106/gcc/dev/atmega328p/avr5/crtatmega328p.o
LOAD Commands.o
LOAD main.o
START GROUP
LOAD d:/program files (x86)/atmel/studio/7.0/toolchain/avr8/avr8-gnu-toolchain/bin/../lib/gcc/avr/4.9.2/../../../../avr/lib/avr5\libm.a
LOAD C:\Users\Piotr\Dysk Google\V50\V50_MOD\CommonIO\Debug\libCommonIO.a
LOAD C:\Users\Piotr\Dysk Google\V50\V50_MOD\SPI\Debug\libSPI.a
LOAD C:\Users\Piotr\Dysk Google\V50\V50_MOD\Uart\Debug\libUart.a
END GROUP
START GROUP
LOAD d:/program files (x86)/atmel/studio/7.0/toolchain/avr8/avr8-gnu-toolchain/bin/../lib/gcc/avr/4.9.2/avr5\libgcc.a
LOAD d:/program files (x86)/atmel/studio/7.0/toolchain/avr8/avr8-gnu-toolchain/bin/../lib/gcc/avr/4.9.2/../../../../avr/lib/avr5\libm.a
LOAD d:/program files (x86)/atmel/studio/7.0/toolchain/avr8/avr8-gnu-toolchain/bin/../lib/gcc/avr/4.9.2/../../../../avr/lib/avr5\libc.a
LOAD D:/Program Files (x86)/Atmel/Studio/7.0/Packs/atmel/ATmega_DFP/1.0.106/gcc/dev/atmega328p/avr5\libatmega328p.a
END GROUP
                0x00020000                __TEXT_REGION_LENGTH__ = DEFINED (__TEXT_REGION_LENGTH__)?__TEXT_REGION_LENGTH__:0x20000
                0x0000ffa0                __DATA_REGION_LENGTH__ = DEFINED (__DATA_REGION_LENGTH__)?__DATA_REGION_LENGTH__:0xffa0
                0x00010000                __EEPROM_REGION_LENGTH__ = DEFINED (__EEPROM_REGION_LENGTH__)?__EEPROM_REGION_LENGTH__:0x10000
                0x00000400                __FUSE_REGION_LENGTH__ = DEFINED (__FUSE_REGION_LENGTH__)?__FUSE_REGION_LENGTH__:0x400
                0x00000400                __LOCK_REGION_LENGTH__ = DEFINED (__LOCK_REGION_LENGTH__)?__LOCK_REGION_LENGTH__:0x400
                0x00000400                __SIGNATURE_REGION_LENGTH__ = DEFINED (__SIGNATURE_REGION_LENGTH__)?__SIGNATURE_REGION_LENGTH__:0x400
                0x00000400                __USER_SIGNATURE_REGION_LENGTH__ = DEFINED (__USER_SIGNATURE_REGION_LENGTH__)?__USER_SIGNATURE_REGION_LENGTH__:0x400

.hash
 *(.hash)

.dynsym
 *(.dynsym)

.dynstr
 *(.dynstr)

.gnu.version
 *(.gnu.version)

.gnu.version_d
 *(.gnu.version_d)

.gnu.version_r
 *(.gnu.version_r)

.rel.init
 *(.rel.init)

.rela.init
 *(.rela.init)

.rel.text
 *(.rel.text)
 *(.rel.text.*)
 *(.rel.gnu.linkonce.t*)

.rela.text
 *(.rela.text)
 *(.rela.text.*)
 *(.rela.gnu.linkonce.t*)

.rel.fini
 *(.rel.fini)

.rela.fini
 *(.rela.fini)

.rel.rodata
 *(.rel.rodata)
 *(.rel.rodata.*)
 *(.rel.gnu.linkonce.r*)

.rela.rodata
 *(.rela.rodata)
 *(.rela.rodata.*)
 *(.rela.gnu.linkonce.r*)

.rel.data
 *(.rel.data)
 *(.rel.data.*)
 *(.rel.gnu.linkonce.d*)

.rela.data
 *(.rela.data)
 *(.rela.data.*)
 *(.rela.gnu.linkonce.d*)

.rel.ctors
 *(.rel.ctors)

.rela.ctors
 *(.rela.ctors)

.rel.dtors
 *(.rel.dtors)

.rela.dtors
 *(.rela.dtors)

.rel.got
 *(.rel.got)

.rela.got
 *(.rela.got)

.rel.bss
 *(.rel.bss)

.rela.bss
 *(.rela.bss)

.rel.plt
 *(.rel.plt)

.rela.plt
 *(.rela.plt)

.text           0x00000000      0x8f0
 *(.vectors)
 .vectors       0x00000000       0x68 D:/Program Files (x86)/Atmel/Studio/7.0/Packs/atmel/ATmega_DFP/1.0.106/gcc/dev/atmega328p/avr5/crtatmega328p.o
                0x00000000                __vectors
 *(.vectors)
 *(.progmem.gcc*)
                0x00000068                . = ALIGN (0x2)
                0x00000068                __trampolines_start = .
 *(.trampolines)
 .trampolines   0x00000068        0x0 linker stubs
 *(.trampolines*)
                0x00000068                __trampolines_end = .
 *libprintf_flt.a:*(.progmem.data)
 *libc.a:*(.progmem.data)
 *(.progmem*)
                0x00000068                . = ALIGN (0x2)
 *(.jumptables)
 *(.jumptables*)
 *(.lowtext)
 *(.lowtext*)
                0x00000068                __ctors_start = .
 *(.ctors)
                0x00000068                __ctors_end = .
                0x00000068                __dtors_start = .
 *(.dtors)
                0x00000068                __dtors_end = .
 SORT(*)(.ctors)
 SORT(*)(.dtors)
 *(.init0)
 .init0         0x00000068        0x0 D:/Program Files (x86)/Atmel/Studio/7.0/Packs/atmel/ATmega_DFP/1.0.106/gcc/dev/atmega328p/avr5/crtatmega328p.o
                0x00000068                __init
 *(.init0)
 *(.init1)
 *(.init1)
 *(.init2)
 .init2         0x00000068        0xc D:/Program Files (x86)/Atmel/Studio/7.0/Packs/atmel/ATmega_DFP/1.0.106/gcc/dev/atmega328p/avr5/crtatmega328p.o
 *(.init2)
 *(.init3)
 *(.init3)
 *(.init4)
 .init4         0x00000074       0x16 d:/program files (x86)/atmel/studio/7.0/toolchain/avr8/avr8-gnu-toolchain/bin/../lib/gcc/avr/4.9.2/avr5\libgcc.a(_copy_data.o)
                0x00000074                __do_copy_data
 .init4         0x0000008a       0x10 d:/program files (x86)/atmel/studio/7.0/toolchain/avr8/avr8-gnu-toolchain/bin/../lib/gcc/avr/4.9.2/avr5\libgcc.a(_clear_bss.o)
                0x0000008a                __do_clear_bss
 *(.init4)
 *(.init5)
 *(.init5)
 *(.init6)
 *(.init6)
 *(.init7)
 *(.init7)
 *(.init8)
 *(.init8)
 *(.init9)
 .init9         0x0000009a        0x8 D:/Program Files (x86)/Atmel/Studio/7.0/Packs/atmel/ATmega_DFP/1.0.106/gcc/dev/atmega328p/avr5/crtatmega328p.o
 *(.init9)
 *(.text)
                0x000000a2                . = ALIGN (0x2)
 *(.text.*)
 .text.__vector_6
                0x000000a2       0x4a main.o
                0x000000a2                __vector_6
 .text.__vector_22
                0x000000ec       0x4a main.o
                0x000000ec                __vector_22
 .text.__vector_25
                0x00000136       0x4a main.o
                0x00000136                __vector_25
 .text.__vector_3
                0x00000180       0x4a main.o
                0x00000180                __vector_3
 .text.__vector_4
                0x000001ca       0x4a main.o
                0x000001ca                __vector_4
 .text.__vector_5
                0x00000214       0x4a main.o
                0x00000214                __vector_5
 .text.__vector_7
                0x0000025e       0x4a main.o
                0x0000025e                __vector_7
 .text.__vector_8
                0x000002a8       0x4a main.o
                0x000002a8                __vector_8
 .text.__vector_9
                0x000002f2       0x4a main.o
                0x000002f2                __vector_9
 .text.__vector_10
                0x0000033c       0x4a main.o
                0x0000033c                __vector_10
 .text.__vector_11
                0x00000386       0x4a main.o
                0x00000386                __vector_11
 .text.__vector_12
                0x000003d0       0x4a main.o
                0x000003d0                __vector_12
 .text.__vector_13
                0x0000041a       0x4a main.o
                0x0000041a                __vector_13
 .text.__vector_14
                0x00000464       0x4a main.o
                0x00000464                __vector_14
 .text.__vector_16
                0x000004ae       0x4a main.o
                0x000004ae                __vector_16
 .text.__vector_15
                0x000004f8       0x4a main.o
                0x000004f8                __vector_15
 .text.__vector_21
                0x00000542       0x4a main.o
                0x00000542                __vector_21
 .text.__vector_23
                0x0000058c       0x4a main.o
                0x0000058c                __vector_23
 .text.__vector_24
                0x000005d6       0x4a main.o
                0x000005d6                __vector_24
 .text.__vector_1
                0x00000620       0x7e main.o
                0x00000620                __vector_1
 .text.__vector_2
                0x0000069e       0x14 main.o
                0x0000069e                __vector_2
 .text.__vector_17
                0x000006b2       0xba main.o
                0x000006b2                __vector_17
 .text.__vector_18
                0x0000076c       0x4a main.o
                0x0000076c                __vector_18
 .text.__vector_19
                0x000007b6       0x4a main.o
                0x000007b6                __vector_19
 .text.__vector_20
                0x00000800       0x4a main.o
                0x00000800                __vector_20
 .text.main     0x0000084a       0x54 main.o
                0x0000084a                main
 .text.SPI_InitSlave
                0x0000089e        0x8 C:\Users\Piotr\Dysk Google\V50\V50_MOD\SPI\Debug\libSPI.a(SPI.o)
                0x0000089e                SPI_InitSlave
 .text.USART_Init
                0x000008a6       0x18 C:\Users\Piotr\Dysk Google\V50\V50_MOD\Uart\Debug\libUart.a(USART.o)
                0x000008a6                USART_Init
 .text.USART_SendByte
                0x000008be       0x10 C:\Users\Piotr\Dysk Google\V50\V50_MOD\Uart\Debug\libUart.a(USART.o)
                0x000008be                USART_SendByte
 .text.USART_SendStr
                0x000008ce       0x1e C:\Users\Piotr\Dysk Google\V50\V50_MOD\Uart\Debug\libUart.a(USART.o)
                0x000008ce                USART_SendStr
                0x000008ec                . = ALIGN (0x2)
 *(.fini9)
 .fini9         0x000008ec        0x0 d:/program files (x86)/atmel/studio/7.0/toolchain/avr8/avr8-gnu-toolchain/bin/../lib/gcc/avr/4.9.2/avr5\libgcc.a(_exit.o)
                0x000008ec                _exit
                0x000008ec                exit
 *(.fini9)
 *(.fini8)
 *(.fini8)
 *(.fini7)
 *(.fini7)
 *(.fini6)
 *(.fini6)
 *(.fini5)
 *(.fini5)
 *(.fini4)
 *(.fini4)
 *(.fini3)
 *(.fini3)
 *(.fini2)
 *(.fini2)
 *(.fini1)
 *(.fini1)
 *(.fini0)
 .fini0         0x000008ec        0x4 d:/program files (x86)/atmel/studio/7.0/toolchain/avr8/avr8-gnu-toolchain/bin/../lib/gcc/avr/4.9.2/avr5\libgcc.a(_exit.o)
 *(.fini0)
                0x000008f0                _etext = .

.data           0x00800100       0x34 load address 0x000008f0
                0x00800100                PROVIDE (__data_start, .)
 *(.data)
 *(.data*)
 .data.command_count
                0x00800100        0x1 main.o
                0x00800100                command_count
 .data.ALL_COMMANDS
                0x00800101       0x2e main.o
                0x00800101                ALL_COMMANDS
 *(.rodata)
 *(.rodata*)
 .rodata.str1.1
                0x0080012f        0x5 main.o
 *(.gnu.linkonce.d*)
                0x00800134                . = ALIGN (0x2)
                0x00800134                _edata = .
                0x00800134                PROVIDE (__data_end, .)

.bss            0x00800134        0x4
                0x00800134                PROVIDE (__bss_start, .)
 *(.bss)
 *(.bss*)
 .bss.command_in_read
                0x00800134        0x1 main.o
                0x00800134                command_in_read
 .bss.command_value
                0x00800135        0x1 main.o
                0x00800135                command_value
 .bss.command_response_count
                0x00800136        0x1 main.o
                0x00800136                command_response_count
 .bss.command_counter
                0x00800137        0x1 main.o
                0x00800137                command_counter
 *(COMMON)
                0x00800138                PROVIDE (__bss_end, .)
                0x000008f0                __data_load_start = LOADADDR (.data)
                0x00000924                __data_load_end = (__data_load_start + SIZEOF (.data))

.noinit         0x00800138        0x0
                [!provide]                PROVIDE (__noinit_start, .)
 *(.noinit*)
                [!provide]                PROVIDE (__noinit_end, .)
                0x00800138                _end = .
                [!provide]                PROVIDE (__heap_start, .)

.eeprom         0x00810000        0x0
 *(.eeprom*)
                0x00810000                __eeprom_end = .

.fuse
 *(.fuse)
 *(.lfuse)
 *(.hfuse)
 *(.efuse)

.lock
 *(.lock*)

.signature
 *(.signature*)

.user_signatures
 *(.user_signatures*)

.stab
 *(.stab)

.stabstr
 *(.stabstr)

.stab.excl
 *(.stab.excl)

.stab.exclstr
 *(.stab.exclstr)

.stab.index
 *(.stab.index)

.stab.indexstr
 *(.stab.indexstr)

.comment        0x00000000       0x30
 *(.comment)
 .comment       0x00000000       0x30 main.o
                                 0x31 (size before relaxing)
 .comment       0x00000030       0x31 C:\Users\Piotr\Dysk Google\V50\V50_MOD\SPI\Debug\libSPI.a(SPI.o)
 .comment       0x00000030       0x31 C:\Users\Piotr\Dysk Google\V50\V50_MOD\Uart\Debug\libUart.a(USART.o)

.note.gnu.avr.deviceinfo
                0x00000000       0x40
 .note.gnu.avr.deviceinfo
                0x00000000       0x40 D:/Program Files (x86)/Atmel/Studio/7.0/Packs/atmel/ATmega_DFP/1.0.106/gcc/dev/atmega328p/avr5/crtatmega328p.o

.note.gnu.build-id
 *(.note.gnu.build-id)

.debug
 *(.debug)

.line
 *(.line)

.debug_srcinfo
 *(.debug_srcinfo)

.debug_sfnames
 *(.debug_sfnames)

.debug_aranges  0x00000000      0x168
 *(.debug_aranges)
 .debug_aranges
                0x00000000       0xf0 main.o
 .debug_aranges
                0x000000f0       0x38 C:\Users\Piotr\Dysk Google\V50\V50_MOD\SPI\Debug\libSPI.a(SPI.o)
 .debug_aranges
                0x00000128       0x40 C:\Users\Piotr\Dysk Google\V50\V50_MOD\Uart\Debug\libUart.a(USART.o)

.debug_pubnames
 *(.debug_pubnames)

.debug_info     0x00000000      0xa28
 *(.debug_info .gnu.linkonce.wi.*)
 .debug_info    0x00000000      0x7cd main.o
 .debug_info    0x000007cd       0xe0 C:\Users\Piotr\Dysk Google\V50\V50_MOD\SPI\Debug\libSPI.a(SPI.o)
 .debug_info    0x000008ad      0x17b C:\Users\Piotr\Dysk Google\V50\V50_MOD\Uart\Debug\libUart.a(USART.o)

.debug_abbrev   0x00000000      0x391
 *(.debug_abbrev)
 .debug_abbrev  0x00000000      0x1fd main.o
 .debug_abbrev  0x000001fd       0x94 C:\Users\Piotr\Dysk Google\V50\V50_MOD\SPI\Debug\libSPI.a(SPI.o)
 .debug_abbrev  0x00000291      0x100 C:\Users\Piotr\Dysk Google\V50\V50_MOD\Uart\Debug\libUart.a(USART.o)

.debug_line     0x00000000      0x7ae
 *(.debug_line .debug_line.* .debug_line_end)
 .debug_line    0x00000000      0x54f main.o
 .debug_line    0x0000054f      0x10a C:\Users\Piotr\Dysk Google\V50\V50_MOD\SPI\Debug\libSPI.a(SPI.o)
 .debug_line    0x00000659      0x155 C:\Users\Piotr\Dysk Google\V50\V50_MOD\Uart\Debug\libUart.a(USART.o)

.debug_frame    0x00000000      0x958
 *(.debug_frame)
 .debug_frame   0x00000000      0x894 main.o
 .debug_frame   0x00000894       0x54 C:\Users\Piotr\Dysk Google\V50\V50_MOD\SPI\Debug\libSPI.a(SPI.o)
 .debug_frame   0x000008e8       0x70 C:\Users\Piotr\Dysk Google\V50\V50_MOD\Uart\Debug\libUart.a(USART.o)

.debug_str      0x00000000      0x461
 *(.debug_str)
 .debug_str     0x00000000      0x39f main.o
                                0x3d8 (size before relaxing)
 .debug_str     0x0000039f       0x59 C:\Users\Piotr\Dysk Google\V50\V50_MOD\SPI\Debug\libSPI.a(SPI.o)
                                0x188 (size before relaxing)
 .debug_str     0x000003f8       0x69 C:\Users\Piotr\Dysk Google\V50\V50_MOD\Uart\Debug\libUart.a(USART.o)
                                0x1e3 (size before relaxing)

.debug_loc      0x00000000     0x1485
 *(.debug_loc)
 .debug_loc     0x00000000     0x13e5 main.o
 .debug_loc     0x000013e5       0x1f C:\Users\Piotr\Dysk Google\V50\V50_MOD\SPI\Debug\libSPI.a(SPI.o)
 .debug_loc     0x00001404       0x81 C:\Users\Piotr\Dysk Google\V50\V50_MOD\Uart\Debug\libUart.a(USART.o)

.debug_macinfo
 *(.debug_macinfo)

.debug_weaknames
 *(.debug_weaknames)

.debug_funcnames
 *(.debug_funcnames)

.debug_typenames
 *(.debug_typenames)

.debug_varnames
 *(.debug_varnames)

.debug_pubtypes
 *(.debug_pubtypes)

.debug_ranges   0x00000000      0x138
 *(.debug_ranges)
 .debug_ranges  0x00000000       0xe0 main.o
 .debug_ranges  0x000000e0       0x28 C:\Users\Piotr\Dysk Google\V50\V50_MOD\SPI\Debug\libSPI.a(SPI.o)
 .debug_ranges  0x00000108       0x30 C:\Users\Piotr\Dysk Google\V50\V50_MOD\Uart\Debug\libUart.a(USART.o)

.debug_macro
 *(.debug_macro)
OUTPUT(V50 test.elf elf32-avr)
LOAD linker stubs
